

================================================================
== Vivado HLS Report for 'projection_odd_m'
================================================================
* Date:           Tue Aug 18 16:33:38 2020

* Version:        2019.2 (Build 2704478 on Wed Nov 06 22:10:23 MST 2019)
* Project:        F200818_rendering_hls
* Solution:       data_redir_m
* Product family: zynq
* Target device:  xc7z020-clg400-1


================================================================
== Performance Estimates
================================================================
+ Timing: 
    * Summary: 
    +--------+----------+----------+------------+
    |  Clock |  Target  | Estimated| Uncertainty|
    +--------+----------+----------+------------+
    |ap_clk  | 10.00 ns | 8.189 ns |   1.25 ns  |
    +--------+----------+----------+------------+

+ Latency: 
    * Summary: 
    +---------+---------+----------+----------+-----+-----+---------+
    |  Latency (cycles) |  Latency (absolute) |  Interval | Pipeline|
    |   min   |   max   |    min   |    max   | min | max |   Type  |
    +---------+---------+----------+----------+-----+-----+---------+
    |        0|        0|   0 ns   |   0 ns   |    0|    0|   none  |
    +---------+---------+----------+----------+-----+-----+---------+

    + Detail: 
        * Instance: 
        N/A

        * Loop: 
        N/A

============================================================
+ Verbose Summary: Synthesis Manager
============================================================
InlineROM: 1
ExposeGlobal: 0
============================================================
+ Verbose Summary: CDFG Model
============================================================
IsTopModel: 0
ResetActiveHigh: 1
IsCombinational: 0
IsDatapathOnly: 0
HasWiredReturn: 1
HasMFsm: 0
HasVarLatency: 0
IsPipeline: 0
IsRtlPipelined: 0
IsInstanceOverlapped: 0
IsDontTouch: 0
HasImplIP: 0
IsGatedGlobalClock: 0


============================================================
+ Verbose Summary: Schedule
============================================================
* Number of FSM states : 1
* Pipeline : 0
* Dataflow Pipeline: 0

* FSM state transitions: 
1 --> 

* FSM state operations: 

State 1 <SV = 0> <Delay = 8.18>
ST_1 : Operation 2 [1/1] (0.00ns)   --->   "%input_hi_V_read = call i32 @_ssdm_op_Read.ap_auto.i32(i32 %input_hi_V)" [F200818_rendering_hls/src/sdsoc/rendering_new.cpp:150]   --->   Operation 2 'read' 'input_hi_V_read' <Predicate = true> <Delay = 0.00>
ST_1 : Operation 3 [1/1] (0.00ns)   --->   "%input_mi_V_read = call i32 @_ssdm_op_Read.ap_auto.i32(i32 %input_mi_V)" [F200818_rendering_hls/src/sdsoc/rendering_new.cpp:150]   --->   Operation 3 'read' 'input_mi_V_read' <Predicate = true> <Delay = 0.00>
ST_1 : Operation 4 [1/1] (0.00ns)   --->   "%input_lo_V_read = call i32 @_ssdm_op_Read.ap_auto.i32(i32 %input_lo_V)" [F200818_rendering_hls/src/sdsoc/rendering_new.cpp:150]   --->   Operation 4 'read' 'input_lo_V_read' <Predicate = true> <Delay = 0.00>
ST_1 : Operation 5 [1/1] (0.00ns)   --->   "%triangle_3d_x0_V = trunc i32 %input_lo_V_read to i8" [F200818_rendering_hls/src/sdsoc/rendering_new.cpp:150]   --->   Operation 5 'trunc' 'triangle_3d_x0_V' <Predicate = true> <Delay = 0.00>
ST_1 : Operation 6 [1/1] (0.00ns)   --->   "%triangle_3d_y0_V = call i8 @_ssdm_op_PartSelect.i8.i32.i32.i32(i32 %input_lo_V_read, i32 8, i32 15)" [F200818_rendering_hls/src/sdsoc/rendering_new.cpp:151]   --->   Operation 6 'partselect' 'triangle_3d_y0_V' <Predicate = true> <Delay = 0.00>
ST_1 : Operation 7 [1/1] (0.00ns)   --->   "%triangle_3d_x1_V = call i8 @_ssdm_op_PartSelect.i8.i32.i32.i32(i32 %input_lo_V_read, i32 24, i32 31)" [F200818_rendering_hls/src/sdsoc/rendering_new.cpp:153]   --->   Operation 7 'partselect' 'triangle_3d_x1_V' <Predicate = true> <Delay = 0.00>
ST_1 : Operation 8 [1/1] (0.00ns)   --->   "%triangle_3d_y1_V = trunc i32 %input_mi_V_read to i8" [F200818_rendering_hls/src/sdsoc/rendering_new.cpp:154]   --->   Operation 8 'trunc' 'triangle_3d_y1_V' <Predicate = true> <Delay = 0.00>
ST_1 : Operation 9 [1/1] (0.00ns)   --->   "%triangle_3d_x2_V = call i8 @_ssdm_op_PartSelect.i8.i32.i32.i32(i32 %input_mi_V_read, i32 16, i32 23)" [F200818_rendering_hls/src/sdsoc/rendering_new.cpp:156]   --->   Operation 9 'partselect' 'triangle_3d_x2_V' <Predicate = true> <Delay = 0.00>
ST_1 : Operation 10 [1/1] (0.00ns)   --->   "%triangle_3d_y2_V = call i8 @_ssdm_op_PartSelect.i8.i32.i32.i32(i32 %input_mi_V_read, i32 24, i32 31)" [F200818_rendering_hls/src/sdsoc/rendering_new.cpp:157]   --->   Operation 10 'partselect' 'triangle_3d_y2_V' <Predicate = true> <Delay = 0.00>
ST_1 : Operation 11 [1/1] (0.00ns)   --->   "%tmp = call i8 @_ssdm_op_PartSelect.i8.i32.i32.i32(i32 %input_lo_V_read, i32 16, i32 23)" [F200818_rendering_hls/src/sdsoc/rendering_new.cpp:168]   --->   Operation 11 'partselect' 'tmp' <Predicate = true> <Delay = 0.00>
ST_1 : Operation 12 [1/1] (0.00ns)   --->   "%zext_ln1371 = zext i8 %tmp to i18" [F200818_rendering_hls/src/sdsoc/rendering_new.cpp:168]   --->   Operation 12 'zext' 'zext_ln1371' <Predicate = true> <Delay = 0.00>
ST_1 : Operation 13 [1/1] (4.52ns)   --->   "%mul_ln1371 = mul i18 342, %zext_ln1371" [F200818_rendering_hls/src/sdsoc/rendering_new.cpp:168]   --->   Operation 13 'mul' 'mul_ln1371' <Predicate = true> <Delay = 4.52> <Core = "Mul">   --->   Core 16 'Mul' <Latency = 0> <II = 1> <Delay = 4.52> <FuncUnit> <Opcode : 'mul'> <InPorts = 2> <OutPorts = 1>
ST_1 : Operation 14 [1/1] (0.00ns)   --->   "%udiv_ln = call i8 @_ssdm_op_PartSelect.i8.i18.i32.i32(i18 %mul_ln1371, i32 10, i32 17)" [F200818_rendering_hls/src/sdsoc/rendering_new.cpp:168]   --->   Operation 14 'partselect' 'udiv_ln' <Predicate = true> <Delay = 0.00>
ST_1 : Operation 15 [1/1] (0.00ns)   --->   "%tmp_1 = call i8 @_ssdm_op_PartSelect.i8.i32.i32.i32(i32 %input_mi_V_read, i32 8, i32 15)" [F200818_rendering_hls/src/sdsoc/rendering_new.cpp:168]   --->   Operation 15 'partselect' 'tmp_1' <Predicate = true> <Delay = 0.00>
ST_1 : Operation 16 [1/1] (0.00ns)   --->   "%zext_ln1371_1 = zext i8 %tmp_1 to i18" [F200818_rendering_hls/src/sdsoc/rendering_new.cpp:168]   --->   Operation 16 'zext' 'zext_ln1371_1' <Predicate = true> <Delay = 0.00>
ST_1 : Operation 17 [1/1] (4.52ns)   --->   "%mul_ln1371_1 = mul i18 342, %zext_ln1371_1" [F200818_rendering_hls/src/sdsoc/rendering_new.cpp:168]   --->   Operation 17 'mul' 'mul_ln1371_1' <Predicate = true> <Delay = 4.52> <Core = "Mul">   --->   Core 16 'Mul' <Latency = 0> <II = 1> <Delay = 4.52> <FuncUnit> <Opcode : 'mul'> <InPorts = 2> <OutPorts = 1>
ST_1 : Operation 18 [1/1] (0.00ns)   --->   "%udiv_ln1371_1 = call i8 @_ssdm_op_PartSelect.i8.i18.i32.i32(i18 %mul_ln1371_1, i32 10, i32 17)" [F200818_rendering_hls/src/sdsoc/rendering_new.cpp:168]   --->   Operation 18 'partselect' 'udiv_ln1371_1' <Predicate = true> <Delay = 0.00>
ST_1 : Operation 19 [1/1] (0.00ns)   --->   "%trunc_ln1371 = trunc i32 %input_hi_V_read to i8" [F200818_rendering_hls/src/sdsoc/rendering_new.cpp:168]   --->   Operation 19 'trunc' 'trunc_ln1371' <Predicate = true> <Delay = 0.00>
ST_1 : Operation 20 [1/1] (0.00ns)   --->   "%zext_ln1371_2 = zext i8 %trunc_ln1371 to i18" [F200818_rendering_hls/src/sdsoc/rendering_new.cpp:168]   --->   Operation 20 'zext' 'zext_ln1371_2' <Predicate = true> <Delay = 0.00>
ST_1 : Operation 21 [1/1] (4.52ns)   --->   "%mul_ln1371_2 = mul i18 342, %zext_ln1371_2" [F200818_rendering_hls/src/sdsoc/rendering_new.cpp:168]   --->   Operation 21 'mul' 'mul_ln1371_2' <Predicate = true> <Delay = 4.52> <Core = "Mul">   --->   Core 16 'Mul' <Latency = 0> <II = 1> <Delay = 4.52> <FuncUnit> <Opcode : 'mul'> <InPorts = 2> <OutPorts = 1>
ST_1 : Operation 22 [1/1] (0.00ns)   --->   "%udiv_ln1371_2 = call i8 @_ssdm_op_PartSelect.i8.i18.i32.i32(i18 %mul_ln1371_2, i32 10, i32 17)" [F200818_rendering_hls/src/sdsoc/rendering_new.cpp:168]   --->   Operation 22 'partselect' 'udiv_ln1371_2' <Predicate = true> <Delay = 0.00>
ST_1 : Operation 23 [1/1] (0.00ns) (grouped into TernaryAdder)   --->   "%add_ln214 = add i8 %udiv_ln1371_2, %udiv_ln" [F200818_rendering_hls/src/sdsoc/rendering_new.cpp:168]   --->   Operation 23 'add' 'add_ln214' <Predicate = true> <Delay = 0.00> <Core = "TAddSub">   --->   Core 83 'TAddSub' <Latency = 0> <II = 1> <Delay = 1.83> <IPBlock> <Opcode : 'add' 'sub'> <InPorts = 3> <OutPorts = 1> <Sync> <CReg>
ST_1 : Operation 24 [1/1] (3.66ns) (root node of TernaryAdder)   --->   "%add_ln214_1 = add i8 %udiv_ln1371_1, %add_ln214" [F200818_rendering_hls/src/sdsoc/rendering_new.cpp:168]   --->   Operation 24 'add' 'add_ln214_1' <Predicate = true> <Delay = 3.66> <Core = "TAddSub">   --->   Core 83 'TAddSub' <Latency = 0> <II = 1> <Delay = 1.83> <IPBlock> <Opcode : 'add' 'sub'> <InPorts = 3> <OutPorts = 1> <Sync> <CReg>
ST_1 : Operation 25 [1/1] (0.00ns)   --->   "%mrv = insertvalue { i8, i8, i8, i8, i8, i8, i8 } undef, i8 %triangle_3d_x0_V, 0" [F200818_rendering_hls/src/sdsoc/rendering_new.cpp:193]   --->   Operation 25 'insertvalue' 'mrv' <Predicate = true> <Delay = 0.00>
ST_1 : Operation 26 [1/1] (0.00ns)   --->   "%mrv_1 = insertvalue { i8, i8, i8, i8, i8, i8, i8 } %mrv, i8 %triangle_3d_y0_V, 1" [F200818_rendering_hls/src/sdsoc/rendering_new.cpp:193]   --->   Operation 26 'insertvalue' 'mrv_1' <Predicate = true> <Delay = 0.00>
ST_1 : Operation 27 [1/1] (0.00ns)   --->   "%mrv_2 = insertvalue { i8, i8, i8, i8, i8, i8, i8 } %mrv_1, i8 %triangle_3d_x1_V, 2" [F200818_rendering_hls/src/sdsoc/rendering_new.cpp:193]   --->   Operation 27 'insertvalue' 'mrv_2' <Predicate = true> <Delay = 0.00>
ST_1 : Operation 28 [1/1] (0.00ns)   --->   "%mrv_3 = insertvalue { i8, i8, i8, i8, i8, i8, i8 } %mrv_2, i8 %triangle_3d_y1_V, 3" [F200818_rendering_hls/src/sdsoc/rendering_new.cpp:193]   --->   Operation 28 'insertvalue' 'mrv_3' <Predicate = true> <Delay = 0.00>
ST_1 : Operation 29 [1/1] (0.00ns)   --->   "%mrv_4 = insertvalue { i8, i8, i8, i8, i8, i8, i8 } %mrv_3, i8 %triangle_3d_x2_V, 4" [F200818_rendering_hls/src/sdsoc/rendering_new.cpp:193]   --->   Operation 29 'insertvalue' 'mrv_4' <Predicate = true> <Delay = 0.00>
ST_1 : Operation 30 [1/1] (0.00ns)   --->   "%mrv_5 = insertvalue { i8, i8, i8, i8, i8, i8, i8 } %mrv_4, i8 %triangle_3d_y2_V, 5" [F200818_rendering_hls/src/sdsoc/rendering_new.cpp:193]   --->   Operation 30 'insertvalue' 'mrv_5' <Predicate = true> <Delay = 0.00>
ST_1 : Operation 31 [1/1] (0.00ns)   --->   "%mrv_6 = insertvalue { i8, i8, i8, i8, i8, i8, i8 } %mrv_5, i8 %add_ln214_1, 6" [F200818_rendering_hls/src/sdsoc/rendering_new.cpp:193]   --->   Operation 31 'insertvalue' 'mrv_6' <Predicate = true> <Delay = 0.00>
ST_1 : Operation 32 [1/1] (0.00ns)   --->   "ret { i8, i8, i8, i8, i8, i8, i8 } %mrv_6" [F200818_rendering_hls/src/sdsoc/rendering_new.cpp:193]   --->   Operation 32 'ret' <Predicate = true> <Delay = 0.00>


============================================================
+ Verbose Summary: Binding
============================================================
STG Binding: 
---------------- STG Properties BEGIN ----------------
- Is combinational: 1
- Is one-state seq: 0
- Is datapath-only: 0
- Is pipelined: 0
- Is top level: 0
Port [ Return ] is wired: 1; IO mode=ap_ctrl_hs:ce=0
Port [ input_lo_V]:  wired=1; compound=0; hidden=0; nouse=0; global=0; static=0; extern=0; dir=0; type=0; pingpong=0; private_global=0; IO mode=ap_none:ce=0
Port [ input_mi_V]:  wired=1; compound=0; hidden=0; nouse=0; global=0; static=0; extern=0; dir=0; type=0; pingpong=0; private_global=0; IO mode=ap_none:ce=0
Port [ input_hi_V]:  wired=1; compound=0; hidden=0; nouse=0; global=0; static=0; extern=0; dir=0; type=0; pingpong=0; private_global=0; IO mode=ap_none:ce=0
---------------- STG Properties END ------------------

---------------- Datapath Model BEGIN ----------------

<LifeTime>
<method=bitvector/>
input_hi_V_read  (read       ) [ 00]
input_mi_V_read  (read       ) [ 00]
input_lo_V_read  (read       ) [ 00]
triangle_3d_x0_V (trunc      ) [ 00]
triangle_3d_y0_V (partselect ) [ 00]
triangle_3d_x1_V (partselect ) [ 00]
triangle_3d_y1_V (trunc      ) [ 00]
triangle_3d_x2_V (partselect ) [ 00]
triangle_3d_y2_V (partselect ) [ 00]
tmp              (partselect ) [ 00]
zext_ln1371      (zext       ) [ 00]
mul_ln1371       (mul        ) [ 00]
udiv_ln          (partselect ) [ 00]
tmp_1            (partselect ) [ 00]
zext_ln1371_1    (zext       ) [ 00]
mul_ln1371_1     (mul        ) [ 00]
udiv_ln1371_1    (partselect ) [ 00]
trunc_ln1371     (trunc      ) [ 00]
zext_ln1371_2    (zext       ) [ 00]
mul_ln1371_2     (mul        ) [ 00]
udiv_ln1371_2    (partselect ) [ 00]
add_ln214        (add        ) [ 00]
add_ln214_1      (add        ) [ 00]
mrv              (insertvalue) [ 00]
mrv_1            (insertvalue) [ 00]
mrv_2            (insertvalue) [ 00]
mrv_3            (insertvalue) [ 00]
mrv_4            (insertvalue) [ 00]
mrv_5            (insertvalue) [ 00]
mrv_6            (insertvalue) [ 00]
ret_ln193        (ret        ) [ 00]
</LifeTime>

<model>

<comp_list>
<comp id="0" class="1000" name="input_lo_V">
<pin_list>
<pin id="1" dir="1" index="0" bw="1" slack="0"/>
</pin_list>
<bind>
<StgValue><ssdm name="input_lo_V"/></StgValue>
</bind>
</comp>

<comp id="2" class="1000" name="input_mi_V">
<pin_list>
<pin id="3" dir="1" index="0" bw="1" slack="0"/>
</pin_list>
<bind>
<StgValue><ssdm name="input_mi_V"/></StgValue>
</bind>
</comp>

<comp id="4" class="1000" name="input_hi_V">
<pin_list>
<pin id="5" dir="1" index="0" bw="1" slack="0"/>
</pin_list>
<bind>
<StgValue><ssdm name="input_hi_V"/></StgValue>
</bind>
</comp>

<comp id="6" class="1001" name="const_6">
<pin_list>
<pin id="7" dir="1" index="0" bw="1" slack="0"/>
</pin_list>
<bind>
<StgValue><ssdm name="_ssdm_op_Read.ap_auto.i32"/></StgValue>
</bind>
</comp>

<comp id="8" class="1001" name="const_8">
<pin_list>
<pin id="9" dir="1" index="0" bw="1" slack="0"/>
</pin_list>
<bind>
<StgValue><ssdm name="_ssdm_op_PartSelect.i8.i32.i32.i32"/></StgValue>
</bind>
</comp>

<comp id="10" class="1001" name="const_10">
<pin_list>
<pin id="11" dir="1" index="0" bw="1" slack="0"/>
</pin_list>
<bind>
<StgValue><ssdm name=""/></StgValue>
</bind>
</comp>

<comp id="12" class="1001" name="const_12">
<pin_list>
<pin id="13" dir="1" index="0" bw="1" slack="0"/>
</pin_list>
<bind>
<StgValue><ssdm name=""/></StgValue>
</bind>
</comp>

<comp id="14" class="1001" name="const_14">
<pin_list>
<pin id="15" dir="1" index="0" bw="1" slack="0"/>
</pin_list>
<bind>
<StgValue><ssdm name=""/></StgValue>
</bind>
</comp>

<comp id="16" class="1001" name="const_16">
<pin_list>
<pin id="17" dir="1" index="0" bw="1" slack="0"/>
</pin_list>
<bind>
<StgValue><ssdm name=""/></StgValue>
</bind>
</comp>

<comp id="18" class="1001" name="const_18">
<pin_list>
<pin id="19" dir="1" index="0" bw="1" slack="0"/>
</pin_list>
<bind>
<StgValue><ssdm name=""/></StgValue>
</bind>
</comp>

<comp id="20" class="1001" name="const_20">
<pin_list>
<pin id="21" dir="1" index="0" bw="1" slack="0"/>
</pin_list>
<bind>
<StgValue><ssdm name=""/></StgValue>
</bind>
</comp>

<comp id="22" class="1001" name="const_22">
<pin_list>
<pin id="23" dir="1" index="0" bw="1" slack="0"/>
</pin_list>
<bind>
<StgValue><ssdm name=""/></StgValue>
</bind>
</comp>

<comp id="24" class="1001" name="const_24">
<pin_list>
<pin id="25" dir="1" index="0" bw="1" slack="0"/>
</pin_list>
<bind>
<StgValue><ssdm name="_ssdm_op_PartSelect.i8.i18.i32.i32"/></StgValue>
</bind>
</comp>

<comp id="26" class="1001" name="const_26">
<pin_list>
<pin id="27" dir="1" index="0" bw="1" slack="0"/>
</pin_list>
<bind>
<StgValue><ssdm name=""/></StgValue>
</bind>
</comp>

<comp id="28" class="1001" name="const_28">
<pin_list>
<pin id="29" dir="1" index="0" bw="1" slack="0"/>
</pin_list>
<bind>
<StgValue><ssdm name=""/></StgValue>
</bind>
</comp>

<comp id="30" class="1001" name="const_30">
<pin_list>
<pin id="31" dir="1" index="0" bw="1" slack="0"/>
</pin_list>
<bind>
<StgValue><ssdm name=""/></StgValue>
</bind>
</comp>

<comp id="32" class="1004" name="input_hi_V_read_read_fu_32">
<pin_list>
<pin id="33" dir="0" index="0" bw="32" slack="0"/>
<pin id="34" dir="0" index="1" bw="32" slack="0"/>
<pin id="35" dir="1" index="2" bw="32" slack="0"/>
</pin_list>
<bind>
<opcode="read(1150) " fcode="read"/>
<opset="input_hi_V_read/1 "/>
</bind>
</comp>

<comp id="38" class="1004" name="input_mi_V_read_read_fu_38">
<pin_list>
<pin id="39" dir="0" index="0" bw="32" slack="0"/>
<pin id="40" dir="0" index="1" bw="32" slack="0"/>
<pin id="41" dir="1" index="2" bw="32" slack="0"/>
</pin_list>
<bind>
<opcode="read(1150) " fcode="read"/>
<opset="input_mi_V_read/1 "/>
</bind>
</comp>

<comp id="44" class="1004" name="input_lo_V_read_read_fu_44">
<pin_list>
<pin id="45" dir="0" index="0" bw="32" slack="0"/>
<pin id="46" dir="0" index="1" bw="32" slack="0"/>
<pin id="47" dir="1" index="2" bw="32" slack="0"/>
</pin_list>
<bind>
<opcode="read(1150) " fcode="read"/>
<opset="input_lo_V_read/1 "/>
</bind>
</comp>

<comp id="50" class="1004" name="triangle_3d_x0_V_fu_50">
<pin_list>
<pin id="51" dir="0" index="0" bw="32" slack="0"/>
<pin id="52" dir="1" index="1" bw="8" slack="0"/>
</pin_list>
<bind>
<opcode="trunc(33) " fcode="trunc"/>
<opset="triangle_3d_x0_V/1 "/>
</bind>
</comp>

<comp id="54" class="1004" name="triangle_3d_y0_V_fu_54">
<pin_list>
<pin id="55" dir="0" index="0" bw="8" slack="0"/>
<pin id="56" dir="0" index="1" bw="32" slack="0"/>
<pin id="57" dir="0" index="2" bw="5" slack="0"/>
<pin id="58" dir="0" index="3" bw="5" slack="0"/>
<pin id="59" dir="1" index="4" bw="8" slack="0"/>
</pin_list>
<bind>
<opcode="partselect(1002) " fcode="partselect"/>
<opset="triangle_3d_y0_V/1 "/>
</bind>
</comp>

<comp id="64" class="1004" name="triangle_3d_x1_V_fu_64">
<pin_list>
<pin id="65" dir="0" index="0" bw="8" slack="0"/>
<pin id="66" dir="0" index="1" bw="32" slack="0"/>
<pin id="67" dir="0" index="2" bw="6" slack="0"/>
<pin id="68" dir="0" index="3" bw="6" slack="0"/>
<pin id="69" dir="1" index="4" bw="8" slack="0"/>
</pin_list>
<bind>
<opcode="partselect(1002) " fcode="partselect"/>
<opset="triangle_3d_x1_V/1 "/>
</bind>
</comp>

<comp id="74" class="1004" name="triangle_3d_y1_V_fu_74">
<pin_list>
<pin id="75" dir="0" index="0" bw="32" slack="0"/>
<pin id="76" dir="1" index="1" bw="8" slack="0"/>
</pin_list>
<bind>
<opcode="trunc(33) " fcode="trunc"/>
<opset="triangle_3d_y1_V/1 "/>
</bind>
</comp>

<comp id="78" class="1004" name="triangle_3d_x2_V_fu_78">
<pin_list>
<pin id="79" dir="0" index="0" bw="8" slack="0"/>
<pin id="80" dir="0" index="1" bw="32" slack="0"/>
<pin id="81" dir="0" index="2" bw="6" slack="0"/>
<pin id="82" dir="0" index="3" bw="6" slack="0"/>
<pin id="83" dir="1" index="4" bw="8" slack="0"/>
</pin_list>
<bind>
<opcode="partselect(1002) " fcode="partselect"/>
<opset="triangle_3d_x2_V/1 "/>
</bind>
</comp>

<comp id="88" class="1004" name="triangle_3d_y2_V_fu_88">
<pin_list>
<pin id="89" dir="0" index="0" bw="8" slack="0"/>
<pin id="90" dir="0" index="1" bw="32" slack="0"/>
<pin id="91" dir="0" index="2" bw="6" slack="0"/>
<pin id="92" dir="0" index="3" bw="6" slack="0"/>
<pin id="93" dir="1" index="4" bw="8" slack="0"/>
</pin_list>
<bind>
<opcode="partselect(1002) " fcode="partselect"/>
<opset="triangle_3d_y2_V/1 "/>
</bind>
</comp>

<comp id="98" class="1004" name="tmp_fu_98">
<pin_list>
<pin id="99" dir="0" index="0" bw="8" slack="0"/>
<pin id="100" dir="0" index="1" bw="32" slack="0"/>
<pin id="101" dir="0" index="2" bw="6" slack="0"/>
<pin id="102" dir="0" index="3" bw="6" slack="0"/>
<pin id="103" dir="1" index="4" bw="8" slack="0"/>
</pin_list>
<bind>
<opcode="partselect(1002) " fcode="partselect"/>
<opset="tmp/1 "/>
</bind>
</comp>

<comp id="108" class="1004" name="zext_ln1371_fu_108">
<pin_list>
<pin id="109" dir="0" index="0" bw="8" slack="0"/>
<pin id="110" dir="1" index="1" bw="18" slack="0"/>
</pin_list>
<bind>
<opcode="zext(34) " fcode="zext"/>
<opset="zext_ln1371/1 "/>
</bind>
</comp>

<comp id="112" class="1004" name="mul_ln1371_fu_112">
<pin_list>
<pin id="113" dir="0" index="0" bw="10" slack="0"/>
<pin id="114" dir="0" index="1" bw="8" slack="0"/>
<pin id="115" dir="1" index="2" bw="18" slack="0"/>
</pin_list>
<bind>
<opcode="mul(12) " fcode="mul"/>
<opset="mul_ln1371/1 "/>
</bind>
</comp>

<comp id="118" class="1004" name="udiv_ln_fu_118">
<pin_list>
<pin id="119" dir="0" index="0" bw="8" slack="0"/>
<pin id="120" dir="0" index="1" bw="18" slack="0"/>
<pin id="121" dir="0" index="2" bw="5" slack="0"/>
<pin id="122" dir="0" index="3" bw="6" slack="0"/>
<pin id="123" dir="1" index="4" bw="8" slack="0"/>
</pin_list>
<bind>
<opcode="partselect(1002) " fcode="partselect"/>
<opset="udiv_ln/1 "/>
</bind>
</comp>

<comp id="128" class="1004" name="tmp_1_fu_128">
<pin_list>
<pin id="129" dir="0" index="0" bw="8" slack="0"/>
<pin id="130" dir="0" index="1" bw="32" slack="0"/>
<pin id="131" dir="0" index="2" bw="5" slack="0"/>
<pin id="132" dir="0" index="3" bw="5" slack="0"/>
<pin id="133" dir="1" index="4" bw="8" slack="0"/>
</pin_list>
<bind>
<opcode="partselect(1002) " fcode="partselect"/>
<opset="tmp_1/1 "/>
</bind>
</comp>

<comp id="138" class="1004" name="zext_ln1371_1_fu_138">
<pin_list>
<pin id="139" dir="0" index="0" bw="8" slack="0"/>
<pin id="140" dir="1" index="1" bw="18" slack="0"/>
</pin_list>
<bind>
<opcode="zext(34) " fcode="zext"/>
<opset="zext_ln1371_1/1 "/>
</bind>
</comp>

<comp id="142" class="1004" name="mul_ln1371_1_fu_142">
<pin_list>
<pin id="143" dir="0" index="0" bw="10" slack="0"/>
<pin id="144" dir="0" index="1" bw="8" slack="0"/>
<pin id="145" dir="1" index="2" bw="18" slack="0"/>
</pin_list>
<bind>
<opcode="mul(12) " fcode="mul"/>
<opset="mul_ln1371_1/1 "/>
</bind>
</comp>

<comp id="148" class="1004" name="udiv_ln1371_1_fu_148">
<pin_list>
<pin id="149" dir="0" index="0" bw="8" slack="0"/>
<pin id="150" dir="0" index="1" bw="18" slack="0"/>
<pin id="151" dir="0" index="2" bw="5" slack="0"/>
<pin id="152" dir="0" index="3" bw="6" slack="0"/>
<pin id="153" dir="1" index="4" bw="8" slack="0"/>
</pin_list>
<bind>
<opcode="partselect(1002) " fcode="partselect"/>
<opset="udiv_ln1371_1/1 "/>
</bind>
</comp>

<comp id="158" class="1004" name="trunc_ln1371_fu_158">
<pin_list>
<pin id="159" dir="0" index="0" bw="32" slack="0"/>
<pin id="160" dir="1" index="1" bw="8" slack="0"/>
</pin_list>
<bind>
<opcode="trunc(33) " fcode="trunc"/>
<opset="trunc_ln1371/1 "/>
</bind>
</comp>

<comp id="162" class="1004" name="zext_ln1371_2_fu_162">
<pin_list>
<pin id="163" dir="0" index="0" bw="8" slack="0"/>
<pin id="164" dir="1" index="1" bw="18" slack="0"/>
</pin_list>
<bind>
<opcode="zext(34) " fcode="zext"/>
<opset="zext_ln1371_2/1 "/>
</bind>
</comp>

<comp id="166" class="1004" name="mul_ln1371_2_fu_166">
<pin_list>
<pin id="167" dir="0" index="0" bw="10" slack="0"/>
<pin id="168" dir="0" index="1" bw="8" slack="0"/>
<pin id="169" dir="1" index="2" bw="18" slack="0"/>
</pin_list>
<bind>
<opcode="mul(12) " fcode="mul"/>
<opset="mul_ln1371_2/1 "/>
</bind>
</comp>

<comp id="172" class="1004" name="udiv_ln1371_2_fu_172">
<pin_list>
<pin id="173" dir="0" index="0" bw="8" slack="0"/>
<pin id="174" dir="0" index="1" bw="18" slack="0"/>
<pin id="175" dir="0" index="2" bw="5" slack="0"/>
<pin id="176" dir="0" index="3" bw="6" slack="0"/>
<pin id="177" dir="1" index="4" bw="8" slack="0"/>
</pin_list>
<bind>
<opcode="partselect(1002) " fcode="partselect"/>
<opset="udiv_ln1371_2/1 "/>
</bind>
</comp>

<comp id="182" class="1004" name="add_ln214_fu_182">
<pin_list>
<pin id="183" dir="0" index="0" bw="8" slack="0"/>
<pin id="184" dir="0" index="1" bw="8" slack="0"/>
<pin id="185" dir="1" index="2" bw="8" slack="0"/>
</pin_list>
<bind>
<opcode="add(8) " fcode="add"/>
<opset="add_ln214/1 "/>
</bind>
</comp>

<comp id="188" class="1004" name="add_ln214_1_fu_188">
<pin_list>
<pin id="189" dir="0" index="0" bw="8" slack="0"/>
<pin id="190" dir="0" index="1" bw="8" slack="0"/>
<pin id="191" dir="1" index="2" bw="8" slack="0"/>
</pin_list>
<bind>
<opcode="add(8) " fcode="add"/>
<opset="add_ln214_1/1 "/>
</bind>
</comp>

<comp id="194" class="1004" name="mrv_fu_194">
<pin_list>
<pin id="195" dir="0" index="0" bw="56" slack="0"/>
<pin id="196" dir="0" index="1" bw="8" slack="0"/>
<pin id="197" dir="1" index="2" bw="56" slack="0"/>
</pin_list>
<bind>
<opcode="insertvalue(57) " fcode="insertvalue"/>
<opset="mrv/1 "/>
</bind>
</comp>

<comp id="200" class="1004" name="mrv_1_fu_200">
<pin_list>
<pin id="201" dir="0" index="0" bw="56" slack="0"/>
<pin id="202" dir="0" index="1" bw="8" slack="0"/>
<pin id="203" dir="1" index="2" bw="56" slack="0"/>
</pin_list>
<bind>
<opcode="insertvalue(57) " fcode="insertvalue"/>
<opset="mrv_1/1 "/>
</bind>
</comp>

<comp id="206" class="1004" name="mrv_2_fu_206">
<pin_list>
<pin id="207" dir="0" index="0" bw="56" slack="0"/>
<pin id="208" dir="0" index="1" bw="8" slack="0"/>
<pin id="209" dir="1" index="2" bw="56" slack="0"/>
</pin_list>
<bind>
<opcode="insertvalue(57) " fcode="insertvalue"/>
<opset="mrv_2/1 "/>
</bind>
</comp>

<comp id="212" class="1004" name="mrv_3_fu_212">
<pin_list>
<pin id="213" dir="0" index="0" bw="56" slack="0"/>
<pin id="214" dir="0" index="1" bw="8" slack="0"/>
<pin id="215" dir="1" index="2" bw="56" slack="0"/>
</pin_list>
<bind>
<opcode="insertvalue(57) " fcode="insertvalue"/>
<opset="mrv_3/1 "/>
</bind>
</comp>

<comp id="218" class="1004" name="mrv_4_fu_218">
<pin_list>
<pin id="219" dir="0" index="0" bw="56" slack="0"/>
<pin id="220" dir="0" index="1" bw="8" slack="0"/>
<pin id="221" dir="1" index="2" bw="56" slack="0"/>
</pin_list>
<bind>
<opcode="insertvalue(57) " fcode="insertvalue"/>
<opset="mrv_4/1 "/>
</bind>
</comp>

<comp id="224" class="1004" name="mrv_5_fu_224">
<pin_list>
<pin id="225" dir="0" index="0" bw="56" slack="0"/>
<pin id="226" dir="0" index="1" bw="8" slack="0"/>
<pin id="227" dir="1" index="2" bw="56" slack="0"/>
</pin_list>
<bind>
<opcode="insertvalue(57) " fcode="insertvalue"/>
<opset="mrv_5/1 "/>
</bind>
</comp>

<comp id="230" class="1004" name="mrv_6_fu_230">
<pin_list>
<pin id="231" dir="0" index="0" bw="56" slack="0"/>
<pin id="232" dir="0" index="1" bw="8" slack="0"/>
<pin id="233" dir="1" index="2" bw="56" slack="2147483647"/>
</pin_list>
<bind>
<opcode="insertvalue(57) " fcode="insertvalue"/>
<opset="mrv_6/1 "/>
</bind>
</comp>

</comp_list>

<net_list>
<net id="36"><net_src comp="6" pin="0"/><net_sink comp="32" pin=0"/></net>

<net id="37"><net_src comp="4" pin="0"/><net_sink comp="32" pin=1"/></net>

<net id="42"><net_src comp="6" pin="0"/><net_sink comp="38" pin=0"/></net>

<net id="43"><net_src comp="2" pin="0"/><net_sink comp="38" pin=1"/></net>

<net id="48"><net_src comp="6" pin="0"/><net_sink comp="44" pin=0"/></net>

<net id="49"><net_src comp="0" pin="0"/><net_sink comp="44" pin=1"/></net>

<net id="53"><net_src comp="44" pin="2"/><net_sink comp="50" pin=0"/></net>

<net id="60"><net_src comp="8" pin="0"/><net_sink comp="54" pin=0"/></net>

<net id="61"><net_src comp="44" pin="2"/><net_sink comp="54" pin=1"/></net>

<net id="62"><net_src comp="10" pin="0"/><net_sink comp="54" pin=2"/></net>

<net id="63"><net_src comp="12" pin="0"/><net_sink comp="54" pin=3"/></net>

<net id="70"><net_src comp="8" pin="0"/><net_sink comp="64" pin=0"/></net>

<net id="71"><net_src comp="44" pin="2"/><net_sink comp="64" pin=1"/></net>

<net id="72"><net_src comp="14" pin="0"/><net_sink comp="64" pin=2"/></net>

<net id="73"><net_src comp="16" pin="0"/><net_sink comp="64" pin=3"/></net>

<net id="77"><net_src comp="38" pin="2"/><net_sink comp="74" pin=0"/></net>

<net id="84"><net_src comp="8" pin="0"/><net_sink comp="78" pin=0"/></net>

<net id="85"><net_src comp="38" pin="2"/><net_sink comp="78" pin=1"/></net>

<net id="86"><net_src comp="18" pin="0"/><net_sink comp="78" pin=2"/></net>

<net id="87"><net_src comp="20" pin="0"/><net_sink comp="78" pin=3"/></net>

<net id="94"><net_src comp="8" pin="0"/><net_sink comp="88" pin=0"/></net>

<net id="95"><net_src comp="38" pin="2"/><net_sink comp="88" pin=1"/></net>

<net id="96"><net_src comp="14" pin="0"/><net_sink comp="88" pin=2"/></net>

<net id="97"><net_src comp="16" pin="0"/><net_sink comp="88" pin=3"/></net>

<net id="104"><net_src comp="8" pin="0"/><net_sink comp="98" pin=0"/></net>

<net id="105"><net_src comp="44" pin="2"/><net_sink comp="98" pin=1"/></net>

<net id="106"><net_src comp="18" pin="0"/><net_sink comp="98" pin=2"/></net>

<net id="107"><net_src comp="20" pin="0"/><net_sink comp="98" pin=3"/></net>

<net id="111"><net_src comp="98" pin="4"/><net_sink comp="108" pin=0"/></net>

<net id="116"><net_src comp="22" pin="0"/><net_sink comp="112" pin=0"/></net>

<net id="117"><net_src comp="108" pin="1"/><net_sink comp="112" pin=1"/></net>

<net id="124"><net_src comp="24" pin="0"/><net_sink comp="118" pin=0"/></net>

<net id="125"><net_src comp="112" pin="2"/><net_sink comp="118" pin=1"/></net>

<net id="126"><net_src comp="26" pin="0"/><net_sink comp="118" pin=2"/></net>

<net id="127"><net_src comp="28" pin="0"/><net_sink comp="118" pin=3"/></net>

<net id="134"><net_src comp="8" pin="0"/><net_sink comp="128" pin=0"/></net>

<net id="135"><net_src comp="38" pin="2"/><net_sink comp="128" pin=1"/></net>

<net id="136"><net_src comp="10" pin="0"/><net_sink comp="128" pin=2"/></net>

<net id="137"><net_src comp="12" pin="0"/><net_sink comp="128" pin=3"/></net>

<net id="141"><net_src comp="128" pin="4"/><net_sink comp="138" pin=0"/></net>

<net id="146"><net_src comp="22" pin="0"/><net_sink comp="142" pin=0"/></net>

<net id="147"><net_src comp="138" pin="1"/><net_sink comp="142" pin=1"/></net>

<net id="154"><net_src comp="24" pin="0"/><net_sink comp="148" pin=0"/></net>

<net id="155"><net_src comp="142" pin="2"/><net_sink comp="148" pin=1"/></net>

<net id="156"><net_src comp="26" pin="0"/><net_sink comp="148" pin=2"/></net>

<net id="157"><net_src comp="28" pin="0"/><net_sink comp="148" pin=3"/></net>

<net id="161"><net_src comp="32" pin="2"/><net_sink comp="158" pin=0"/></net>

<net id="165"><net_src comp="158" pin="1"/><net_sink comp="162" pin=0"/></net>

<net id="170"><net_src comp="22" pin="0"/><net_sink comp="166" pin=0"/></net>

<net id="171"><net_src comp="162" pin="1"/><net_sink comp="166" pin=1"/></net>

<net id="178"><net_src comp="24" pin="0"/><net_sink comp="172" pin=0"/></net>

<net id="179"><net_src comp="166" pin="2"/><net_sink comp="172" pin=1"/></net>

<net id="180"><net_src comp="26" pin="0"/><net_sink comp="172" pin=2"/></net>

<net id="181"><net_src comp="28" pin="0"/><net_sink comp="172" pin=3"/></net>

<net id="186"><net_src comp="172" pin="4"/><net_sink comp="182" pin=0"/></net>

<net id="187"><net_src comp="118" pin="4"/><net_sink comp="182" pin=1"/></net>

<net id="192"><net_src comp="148" pin="4"/><net_sink comp="188" pin=0"/></net>

<net id="193"><net_src comp="182" pin="2"/><net_sink comp="188" pin=1"/></net>

<net id="198"><net_src comp="30" pin="0"/><net_sink comp="194" pin=0"/></net>

<net id="199"><net_src comp="50" pin="1"/><net_sink comp="194" pin=1"/></net>

<net id="204"><net_src comp="194" pin="2"/><net_sink comp="200" pin=0"/></net>

<net id="205"><net_src comp="54" pin="4"/><net_sink comp="200" pin=1"/></net>

<net id="210"><net_src comp="200" pin="2"/><net_sink comp="206" pin=0"/></net>

<net id="211"><net_src comp="64" pin="4"/><net_sink comp="206" pin=1"/></net>

<net id="216"><net_src comp="206" pin="2"/><net_sink comp="212" pin=0"/></net>

<net id="217"><net_src comp="74" pin="1"/><net_sink comp="212" pin=1"/></net>

<net id="222"><net_src comp="212" pin="2"/><net_sink comp="218" pin=0"/></net>

<net id="223"><net_src comp="78" pin="4"/><net_sink comp="218" pin=1"/></net>

<net id="228"><net_src comp="218" pin="2"/><net_sink comp="224" pin=0"/></net>

<net id="229"><net_src comp="88" pin="4"/><net_sink comp="224" pin=1"/></net>

<net id="234"><net_src comp="224" pin="2"/><net_sink comp="230" pin=0"/></net>

<net id="235"><net_src comp="188" pin="2"/><net_sink comp="230" pin=1"/></net>

</net_list>

</model> 
---------------- Datapath Model END ------------------

* FSMD analyzer results:
  - Output states:
 - Input state : 
	Port: projection_odd_m : input_lo_V | {1 }
	Port: projection_odd_m : input_mi_V | {1 }
	Port: projection_odd_m : input_hi_V | {1 }
  - Chain level:
	State 1
		zext_ln1371 : 1
		mul_ln1371 : 2
		udiv_ln : 3
		zext_ln1371_1 : 1
		mul_ln1371_1 : 2
		udiv_ln1371_1 : 3
		zext_ln1371_2 : 1
		mul_ln1371_2 : 2
		udiv_ln1371_2 : 3
		add_ln214 : 4
		add_ln214_1 : 5
		mrv : 1
		mrv_1 : 2
		mrv_2 : 3
		mrv_3 : 4
		mrv_4 : 5
		mrv_5 : 6
		mrv_6 : 7
		ret_ln193 : 8


============================================================
+ Verbose Summary: Datapath Resource usage 
============================================================

* Functional unit list:
|----------|----------------------------|---------|---------|---------|
| Operation|       Functional Unit      |  DSP48E |    FF   |   LUT   |
|----------|----------------------------|---------|---------|---------|
|          |      mul_ln1371_fu_112     |    0    |    0    |    63   |
|    mul   |     mul_ln1371_1_fu_142    |    0    |    0    |    63   |
|          |     mul_ln1371_2_fu_166    |    0    |    0    |    63   |
|----------|----------------------------|---------|---------|---------|
|    add   |      add_ln214_fu_182      |    0    |    0    |    8    |
|          |     add_ln214_1_fu_188     |    0    |    0    |    8    |
|----------|----------------------------|---------|---------|---------|
|          | input_hi_V_read_read_fu_32 |    0    |    0    |    0    |
|   read   | input_mi_V_read_read_fu_38 |    0    |    0    |    0    |
|          | input_lo_V_read_read_fu_44 |    0    |    0    |    0    |
|----------|----------------------------|---------|---------|---------|
|          |   triangle_3d_x0_V_fu_50   |    0    |    0    |    0    |
|   trunc  |   triangle_3d_y1_V_fu_74   |    0    |    0    |    0    |
|          |     trunc_ln1371_fu_158    |    0    |    0    |    0    |
|----------|----------------------------|---------|---------|---------|
|          |   triangle_3d_y0_V_fu_54   |    0    |    0    |    0    |
|          |   triangle_3d_x1_V_fu_64   |    0    |    0    |    0    |
|          |   triangle_3d_x2_V_fu_78   |    0    |    0    |    0    |
|          |   triangle_3d_y2_V_fu_88   |    0    |    0    |    0    |
|partselect|          tmp_fu_98         |    0    |    0    |    0    |
|          |       udiv_ln_fu_118       |    0    |    0    |    0    |
|          |        tmp_1_fu_128        |    0    |    0    |    0    |
|          |    udiv_ln1371_1_fu_148    |    0    |    0    |    0    |
|          |    udiv_ln1371_2_fu_172    |    0    |    0    |    0    |
|----------|----------------------------|---------|---------|---------|
|          |     zext_ln1371_fu_108     |    0    |    0    |    0    |
|   zext   |    zext_ln1371_1_fu_138    |    0    |    0    |    0    |
|          |    zext_ln1371_2_fu_162    |    0    |    0    |    0    |
|----------|----------------------------|---------|---------|---------|
|          |         mrv_fu_194         |    0    |    0    |    0    |
|          |        mrv_1_fu_200        |    0    |    0    |    0    |
|          |        mrv_2_fu_206        |    0    |    0    |    0    |
|insertvalue|        mrv_3_fu_212        |    0    |    0    |    0    |
|          |        mrv_4_fu_218        |    0    |    0    |    0    |
|          |        mrv_5_fu_224        |    0    |    0    |    0    |
|          |        mrv_6_fu_230        |    0    |    0    |    0    |
|----------|----------------------------|---------|---------|---------|
|   Total  |                            |    0    |    0    |   205   |
|----------|----------------------------|---------|---------|---------|

Memories:
N/A

* Register list:
N/A

* Multiplexer (MUX) list: 
|--------|------|------|------|--------|
|  Comp  |  Pin | Size |  BW  | S x BW |
|--------|------|------|------|--------|
|  Total |      |      |      |    0   |
|--------|------|------|------|--------|



* Summary:
+-----------+--------+--------+--------+
|           | DSP48E |   FF   |   LUT  |
+-----------+--------+--------+--------+
|  Function |    0   |    0   |   205  |
|   Memory  |    -   |    -   |    -   |
|Multiplexer|    -   |    -   |    -   |
|  Register |    -   |    -   |    -   |
+-----------+--------+--------+--------+
|   Total   |    0   |    0   |   205  |
+-----------+--------+--------+--------+
